   0 PUSH_INT         1
   5 STORE_LOCAL      0
  10 JUMP_TO          37
  15 LOAD_LOCAL       0
  20 PUSH_INT         1
  25 ADD
  26 STORE_LOCAL      0
  31 LOAD_LOCAL       0
  36 POP
  37 LOAD_LOCAL       0
  42 PUSH_INT         20
  47 LESS_EQ
  48 JUMP_IF_FALSE    93
  53 LOAD_LOCAL       0
  58 PUSH_FN          addr=99    1
  63 CALL             args=1
  65 JUMP_IF_FALSE    88
  70 LOAD_LOCAL       0
  75 PUSH_STRING      #0
  80 PUSH_NATIVE_FN   1
  85 CALL             args=2
  87 POP
  88 JUMP_TO          15
  93 PUSH_INT         0
  98 RETURN
  99 STORE_LOCAL      0
 104 LOAD_LOCAL       0
 109 PUSH_INT         2
 114 LESS
 115 JUMP_IF_FALSE    122
 120 PUSH_FALSE
 121 RETURN
 122 PUSH_INT         2
 127 STORE_LOCAL      8
 132 LOAD_LOCAL       8
 137 LOAD_LOCAL       8
 142 MUL
 143 LOAD_LOCAL       0
 148 LESS_EQ
 149 JUMP_IF_FALSE    211
 154 LOAD_LOCAL       0
 159 LOAD_LOCAL       8
 164 DIV
 165 LOAD_LOCAL       8
 170 MUL
 171 LOAD_LOCAL       0
 176 EQ
 177 JUMP_IF_FALSE    184
 182 PUSH_FALSE
 183 RETURN
 184 LOAD_LOCAL       8
 189 PUSH_INT         1
 194 ADD
 195 STORE_LOCAL      8
 200 LOAD_LOCAL       8
 205 POP
 206 JUMP_TO          132
 211 PUSH_TRUE
 212 RETURN
 213 PUSH_INT         0
 218 RETURN
